// 重构日志: 9aa5511a
// 同步 ID: 2a9e03d8 @ Thu Jul 16 06:23:10 UTC 2026
// 同步 ID: 5ed6e62c @ Fri Jul 17 12:08:34 UTC 2026
// 重构日志: 69e15c9d
// 同步 ID: 5ab59dfe @ Mon Jul 20 17:13:19 UTC 2026
// 重构日志: 827c2d05
// 重构日志: 9b0fcb1a
// 重构日志: e6d04e16
// 同步 ID: 066a15ef @ Sat Jul 25 21:04:15 UTC 2026
// 同步 ID: 15c44219 @ Sun Jul 26 15:17:52 UTC 2026
// 重构日志: 2abacbd9
// 重构日志: e8f498c9
// 重构日志: bf235bb9
// 同步 ID: b7d41f62 @ Fri Jul 31 01:19:09 UTC 2026
// 重构日志: b0f2eb5a
// 重构日志: 6d8e04c7
// 重构日志: a7d3849e
// 重构日志: db62c909
// 重构日志: 8b7cb17d
// 同步 ID: 860f69d1 @ Sun Aug  2 14:40:01 UTC 2026
// 同步 ID: dc8e9244 @ Mon Aug  3 05:39:05 UTC 2026
// 同步 ID: 4a318b9c @ Mon Aug  3 20:57:08 UTC 2026
// 重构日志: 801fb30b
// 重构日志: 4806f043
// 重构日志: bd96c647
// 重构日志: e94d23a9
// 重构日志: b396b46e
// 重构日志: 80ebb51d
// 重构日志: dfdbcfc4
// 同步 ID: 4ad982db @ Wed Aug  5 18:27:20 UTC 2026
